---
source: shellfirm/tests/checks.rs
expression: test_file_results
snapshot_kind: text
---
[
    TestSensitivePatternsResult {
        file_path: "fs-move_to_dev_null.yaml",
        test: "mv Cargo.toml /dev/null",
        check_detection_ids: [
            "fs:move_to_dev_null",
        ],
        test_description: "match command",
    },
    TestSensitivePatternsResult {
        file_path: "fs-move_to_dev_null.yaml",
        test: "mv ./ /dev/null",
        check_detection_ids: [
            "fs:move_to_dev_null",
        ],
        test_description: "match command",
    },
    TestSensitivePatternsResult {
        file_path: "fs-move_to_dev_null.yaml",
        test: "mv .",
        check_detection_ids: [],
        test_description: "match command",
    },
    TestSensitivePatternsResult {
        file_path: "fs-move_to_dev_null.yaml",
        test: "mv /dev/null",
        check_detection_ids: [],
        test_description: "missing argument",
    },
]
