---
source: shellfirm/tests/checks.rs
expression: test_file_results
---
[
    TestSensitivePatternsResult {
        file_path: "fs-recursively_delete.yaml",
        test: "rm -rf /",
        check_detection_ids: [
            "fs:recursively_delete",
            "fs-strict:any_deletion",
        ],
        test_description: "delete root path",
    },
    TestSensitivePatternsResult {
        file_path: "fs-recursively_delete.yaml",
        test: "rm -r /",
        check_detection_ids: [
            "fs:recursively_delete",
            "fs-strict:any_deletion",
        ],
        test_description: "delete root path",
    },
    TestSensitivePatternsResult {
        file_path: "fs-recursively_delete.yaml",
        test: "rm -rf *",
        check_detection_ids: [
            "fs:recursively_delete",
            "fs-strict:any_deletion",
        ],
        test_description: "delete all files in current folder",
    },
    TestSensitivePatternsResult {
        file_path: "fs-recursively_delete.yaml",
        test: "rm -fr .",
        check_detection_ids: [
            "fs:recursively_delete",
            "fs-strict:any_deletion",
        ],
        test_description: "delete parent folder",
    },
    TestSensitivePatternsResult {
        file_path: "fs-recursively_delete.yaml",
        test: "rm -rf ..",
        check_detection_ids: [
            "fs:recursively_delete",
            "fs-strict:any_deletion",
        ],
        test_description: "delete parent folder",
    },
    TestSensitivePatternsResult {
        file_path: "fs-recursively_delete.yaml",
        test: "rm -rf /ffff",
        check_detection_ids: [],
        test_description: "folder not found",
    },
    TestSensitivePatternsResult {
        file_path: "fs-recursively_delete.yaml",
        test: "rmm -rf /",
        check_detection_ids: [],
        test_description: "folder not found",
    },
    TestSensitivePatternsResult {
        file_path: "fs-recursively_delete.yaml",
        test: "rm -Rf /",
        check_detection_ids: [
            "fs:recursively_delete",
        ],
        test_description: "Handle capital R",
    },
    TestSensitivePatternsResult {
        file_path: "fs-recursively_delete.yaml",
        test: "rm -FR /",
        check_detection_ids: [],
        test_description: "invalid command",
    },
]
