---
source: shellfirm/tests/checks.rs
expression: test_file_results
snapshot_kind: text
---
[
    TestSensitivePatternsResult {
        file_path: "terraform-force_unlock_with_force_flag.yaml",
        test: "terraform force-unlock -force",
        check_detection_ids: [
            "terraform:force_unlock_with_force_flag",
        ],
        test_description: "match command",
    },
    TestSensitivePatternsResult {
        file_path: "terraform-force_unlock_with_force_flag.yaml",
        test: "terraform    force-unlock    -force",
        check_detection_ids: [
            "terraform:force_unlock_with_force_flag",
        ],
        test_description: "match command with spaces",
    },
    TestSensitivePatternsResult {
        file_path: "terraform-force_unlock_with_force_flag.yaml",
        test: "terraform  force-unlock",
        check_detection_ids: [],
        test_description: "invalid command",
    },
]
