---
source: shellfirm/tests/checks.rs
expression: test_file_results
snapshot_kind: text
---
[
    TestSensitivePatternsResult {
        file_path: "fs-recursively_chmod.yaml",
        test: "chmod -R /",
        check_detection_ids: [
            "fs:recursively_chmod",
            "fs-strict:change_permissions",
        ],
        test_description: "change root path permissions",
    },
    TestSensitivePatternsResult {
        file_path: "fs-recursively_chmod.yaml",
        test: "chmod --recursive /",
        check_detection_ids: [
            "fs:recursively_chmod",
            "fs-strict:change_permissions",
        ],
        test_description: "change root path permissions",
    },
    TestSensitivePatternsResult {
        file_path: "fs-recursively_chmod.yaml",
        test: "chmod -R *",
        check_detection_ids: [
            "fs:recursively_chmod",
            "fs-strict:change_permissions",
        ],
        test_description: "change root path permissions",
    },
    TestSensitivePatternsResult {
        file_path: "fs-recursively_chmod.yaml",
        test: "chmod -R ..",
        check_detection_ids: [
            "fs:recursively_chmod",
            "fs-strict:change_permissions",
        ],
        test_description: "change parent folder",
    },
    TestSensitivePatternsResult {
        file_path: "fs-recursively_chmod.yaml",
        test: "chmod -R ...",
        check_detection_ids: [
            "fs:recursively_chmod",
            "fs-strict:change_permissions",
        ],
        test_description: "change parent folder",
    },
    TestSensitivePatternsResult {
        file_path: "fs-recursively_chmod.yaml",
        test: "chmod file.txt",
        check_detection_ids: [
            "fs-strict:change_permissions",
        ],
        test_description: "change file permissions",
    },
    TestSensitivePatternsResult {
        file_path: "fs-recursively_chmod.yaml",
        test: "chmod   -R   /",
        check_detection_ids: [
            "fs-strict:change_permissions",
        ],
        test_description: "match command with extra spaces",
    },
    TestSensitivePatternsResult {
        file_path: "fs-recursively_chmod.yaml",
        test: "chmod   --recursive   /",
        check_detection_ids: [
            "fs-strict:change_permissions",
        ],
        test_description: "match command with extra spaces",
    },
    TestSensitivePatternsResult {
        file_path: "fs-recursively_chmod.yaml",
        test: "sudo chmod -R /",
        check_detection_ids: [
            "fs:recursively_chmod",
            "fs-strict:change_permissions",
        ],
        test_description: "match command with sudo",
    },
    TestSensitivePatternsResult {
        file_path: "fs-recursively_chmod.yaml",
        test: "sudo chmod --recursive /",
        check_detection_ids: [
            "fs:recursively_chmod",
            "fs-strict:change_permissions",
        ],
        test_description: "match command with sudo",
    },
    TestSensitivePatternsResult {
        file_path: "fs-recursively_chmod.yaml",
        test: "chmod -R --verbose /",
        check_detection_ids: [
            "fs-strict:change_permissions",
        ],
        test_description: "match command with verbose flag",
    },
    TestSensitivePatternsResult {
        file_path: "fs-recursively_chmod.yaml",
        test: "chmod -R --changes /",
        check_detection_ids: [
            "fs-strict:change_permissions",
        ],
        test_description: "match command with changes flag",
    },
    TestSensitivePatternsResult {
        file_path: "fs-recursively_chmod.yaml",
        test: "chmod -R --quiet /",
        check_detection_ids: [
            "fs-strict:change_permissions",
        ],
        test_description: "match command with quiet flag",
    },
    TestSensitivePatternsResult {
        file_path: "fs-recursively_chmod.yaml",
        test: "chmod -R /home",
        check_detection_ids: [
            "fs:recursively_chmod",
            "fs-strict:change_permissions",
        ],
        test_description: "match command with home directory",
    },
    TestSensitivePatternsResult {
        file_path: "fs-recursively_chmod.yaml",
        test: "chmod -R /var",
        check_detection_ids: [
            "fs:recursively_chmod",
            "fs-strict:change_permissions",
        ],
        test_description: "match command with var directory",
    },
    TestSensitivePatternsResult {
        file_path: "fs-recursively_chmod.yaml",
        test: "chmod -R /usr",
        check_detection_ids: [
            "fs:recursively_chmod",
            "fs-strict:change_permissions",
        ],
        test_description: "match command with usr directory",
    },
    TestSensitivePatternsResult {
        file_path: "fs-recursively_chmod.yaml",
        test: "chmod -R 777 /",
        check_detection_ids: [
            "fs-strict:change_permissions",
        ],
        test_description: "match command with octal mode",
    },
    TestSensitivePatternsResult {
        file_path: "fs-recursively_chmod.yaml",
        test: "chmod -R a+rwx /",
        check_detection_ids: [
            "fs-strict:change_permissions",
        ],
        test_description: "match command with symbolic mode",
    },
    TestSensitivePatternsResult {
        file_path: "fs-recursively_chmod.yaml",
        test: "chmod -R u=rwx,g=rx,o=rx /",
        check_detection_ids: [
            "fs-strict:change_permissions",
        ],
        test_description: "match command with detailed symbolic mode",
    },
]
