---
source: shellfirm/tests/checks.rs
expression: test_file_results
snapshot_kind: text
---
[
    TestSensitivePatternsResult {
        file_path: "base-bash_fork_bomb.yaml",
        test: ":(){ :|:& };:",
        check_detection_ids: [
            "base:bash_fork_bomb",
        ],
        test_description: "match command",
    },
]
