---
source: shellfirm/tests/checks.rs
expression: test_file_results
snapshot_kind: text
---
[
    TestSensitivePatternsResult {
        file_path: "fs-dd_block_device.yaml",
        test: "dd if=image.img of=/dev/sda",
        check_detection_ids: [
            "fs:dd_block_device",
        ],
        test_description: "match command writing to hard disk",
    },
    TestSensitivePatternsResult {
        file_path: "fs-dd_block_device.yaml",
        test: "dd if=image.img of=/dev/sdb",
        check_detection_ids: [
            "fs:dd_block_device",
        ],
        test_description: "match command writing to second hard disk",
    },
    TestSensitivePatternsResult {
        file_path: "fs-dd_block_device.yaml",
        test: "dd if=image.img of=/dev/mmcblk0",
        check_detection_ids: [
            "fs:dd_block_device",
        ],
        test_description: "match command writing to SD card",
    },
    TestSensitivePatternsResult {
        file_path: "fs-dd_block_device.yaml",
        test: "dd if=image.img of=/dev/sda1",
        check_detection_ids: [
            "fs:dd_block_device",
        ],
        test_description: "match command writing to partition",
    },
    TestSensitivePatternsResult {
        file_path: "fs-dd_block_device.yaml",
        test: "dd if=image.img of=/dev/sda bs=4M",
        check_detection_ids: [
            "fs:dd_block_device",
        ],
        test_description: "match command with block size parameter",
    },
    TestSensitivePatternsResult {
        file_path: "fs-dd_block_device.yaml",
        test: "dd if=/dev/sda of=backup.img",
        check_detection_ids: [],
        test_description: "should not match reading from disk",
    },
    TestSensitivePatternsResult {
        file_path: "fs-dd_block_device.yaml",
        test: "dd if=file.txt of=output.txt",
        check_detection_ids: [],
        test_description: "should not match regular file operations",
    },
]
