---
source: shellfirm/src/checks.rs
expression: "run_check_on_command(&checks, \"test-1\")"
---
[
    Check {
        id: "",
        test: "test-(1)",
        method: Regex,
        description: "",
        from: "test-1",
        challenge: Default,
        filters: {},
    },
    Check {
        id: "",
        test: "test-(1|2)",
        method: Regex,
        description: "",
        from: "test-2",
        challenge: Default,
        filters: {},
    },
]
